root@68a66263b444:/# ping
bash: ping: command not found
root@68a66263b444:/# redis cli ping
bash: redis: command not found
root@68a66263b444:/# redis-cli ping
PONG
root@68a66263b444:/# redis-cli
127.0.0.1:6379> set name ayush
OK
127.0.0.1:6379> get name
"ayush"
127.0.0.1:6379> set user:1 ayu
OK
127.0.0.1:6379> set user:2 piyu
OK
127.0.0.1:6379> set user:3 sivu
OK
127.0.0.1:6379> set user:1 ayos nx
(nil)
127.0.0.1:6379> mget user:1 user:3
1) "ayu"
2) "sivu"
127.0.0.1:6379> set count 0
OK
127.0.0.1:6379> incr count
(integer) 1
127.0.0.1:6379> incr count 10
(error) ERR wrong number of arguments for 'incr' command
127.0.0.1:6379> incrby count 10
(integer) 11